// Jest Snapshot v1, https://goo.gl/fbAQLP

exports[`inline-hash-id basic generate hash: basic generate hash 1`] = `
"
__hashId('ðŸŒˆ')

      â†“ â†“ â†“ â†“ â†“ â†“

'yrcJgmjiVQaO';
"
`;

exports[`inline-hash-id inside function: inside function 1`] = `
"
document.getElementById(__hashId('root'));

      â†“ â†“ â†“ â†“ â†“ â†“

document.getElementById('qsmageWVVzIP');
"
`;

exports[`inline-hash-id with option: with option 1`] = `
"
__hashId('ðŸŒˆ', {uniqPerFile: false})

      â†“ â†“ â†“ â†“ â†“ â†“

'fZRbeFUKoFBH';
"
`;

exports[`inline-hash-id with react #1: with react #1 1`] = `
"
React.createElement('div', {
	id: __hashId('root')
});

React.createElement('div', {
	id: __hashId('root', {uniqPerFile: false})
});

      â†“ â†“ â†“ â†“ â†“ â†“

React.createElement('div', {
	id: 'qsmageWVVzIP'
});

React.createElement('div', {
	id: 'SBNJTRNFjGow'
});
"
`;

exports[`inline-hash-id with react #2: with react #2 1`] = `
"
<body>
	<div id={__hashId('root')}></div>
</body>

      â†“ â†“ â†“ â†“ â†“ â†“

React.createElement(
	'body',
	null,
	React.createElement('div', { id: 'qsmageWVVzIP' })
);
"
`;
